Microchip MPLAB XC8 Compiler V2.45

Linker command line:

-W-3 \
  --edf=C:/Users/Dubai Store/.mchp_packs/Microchip/PIC18F-K_DFP/1.13.292/xc8\pic\dat\20231012153220_en.msgs \
  -cn -h+dist/default/debug\Smart_Home.X.debug.sym \
  --cmf=dist/default/debug\Smart_Home.X.debug.cmf -z -Q18F46K20 \
  -oC:\Users\DUBAIS~1\AppData\Local\Temp\xcAseho.\driver_tmp_3.o \
  --defsym=__MPLAB_BUILD=1 --fixupoverflow=error \
  -Mdist/default/debug/Smart_Home.X.debug.map \
  --md=C:\Users\DUBAIS~1\AppData\Local\Temp\xcAseho.\driver_tmp_0.dat -E1 \
  -ver=XC8 Compiler --acfsm=1493 -ACODE=00h-0FFFFh -ACONST=00h-0FFFFh \
  -ASMALLCONST=01000h-010FFhx240 -AMEDIUMCONST=01000h-0FFFFh \
  -ACOMRAM=01h-05Fh -AABS1=00h-0F5Fh -ABIGRAM=01h-0F5Fh \
  -ARAM=060h-0FFh,0100h-01FFhx14,0F00h-0F5Fh -ABANK0=060h-0FFh \
  -ABANK1=0100h-01FFh -ABANK2=0200h-02FFh -ABANK3=0300h-03FFh \
  -ABANK4=0400h-04FFh -ABANK5=0500h-05FFh -ABANK6=0600h-06FFh \
  -ABANK7=0700h-07FFh -ABANK8=0800h-08FFh -ABANK9=0900h-09FFh \
  -ABANK10=0A00h-0AFFh -ABANK11=0B00h-0BFFh -ABANK12=0C00h-0CFFh \
  -ABANK13=0D00h-0DFFh -ABANK14=0E00h-0EFFh -ABANK15=0F00h-0F5Fh \
  -ASFR=0F60h-0FFFh -ABIGSFR=0F60h-0FFFh -ACONFIG=0300000h-030000Dh \
  -AIDLOC=0200000h-0200007h -AEEDATA=0F00000h-0F003FFh -peeprom_data=EEDATA \
  -preset_vec=00h,intcode=08h,intcodelo,powerup,init -pramtop=01000h \
  -psmallconst=SMALLCONST -pmediumconst=MEDIUMCONST -pconst=CONST \
  -AFARRAM=00h-00h \
  -prdata=COMRAM,nvrram=COMRAM,nvbit=COMRAM,rbss=COMRAM,rbit=COMRAM \
  -pfarbss=FARRAM,fardata=FARRAM,nvFARRAM=FARRAM \
  -pintsave_regs=BIGRAM,bigbss=BIGRAM,bigdata=BIGRAM -pbss=RAM \
  -pidata=CODE,irdata=CODE,ibigdata=CODE,ifardata=CODE -prparam=COMRAM \
  C:\Users\DUBAIS~1\AppData\Local\Temp\xcAseho.\driver_tmp_14.o \
  dist/default/debug\Smart_Home.X.debug.o 

Object code version is 3.11

Machine type is 18F46K20



                Name                               Link     Load   Length Selector   Space Scale
C:\Users\DUBAIS~1\AppData\Local\Temp\xcAseho.\driver_tmp_14.o
                config                           300000   300000        E        0       4
                init                                 B6       B6        4        4       0
                reset_vec                             0        0        4        0       0
dist/default/debug\Smart_Home.X.debug.o
                intcode                               8        8       AE        4       0
                config                           300000   300000        E        0       4
                temp                                 5E       5E        1        1       1
                smallconst                         1000     1000       CE      800       0
                text113                            2E50     2E50        4     1700       0
                text112                            2E4C     2E4C        4     1700       0
                text111                            2B48     2B48       24      867       0
                text110                            250E     250E       66      867       0
                text109                            2C64     2C64       18      867       0
                text108                            2AD0     2AD0       2C      867       0
                text107                            2E48     2E48        4     1700       0
                text106                            2E44     2E44        4     1700       0
                text105                            2AA4     2AA4       2C      867       0
                text104                            2A78     2A78       2C      867       0
                text103                            2A4C     2A4C       2C      867       0
                text102                            27C2     27C2       42      867       0
                text101                            2E40     2E40        4     1700       0
                text100                            2E12     2E12        6     1700       0
                text99                             2E3C     2E3C        4     1700       0
                text98                             2E0C     2E0C        6     1700       0
                text97                             2DF0     2DF0        8      867       0
                text96                             2C90     2C90       14      867       0
                text95                             2E38     2E38        4     1700       0
                text94                             2140     2140       7C      867       0
                text93                             2D6A     2D6A        C      867       0
                text92                             2D34     2D34       10      867       0
                text91                             2D44     2D44        E      867       0
                text90                             193E     193E       C4      867       0
                text89                             1EE8     1EE8       A6      867       0
                text88                             2D5E     2D5E        C      867       0
                text87                             2DE8     2DE8        8      867       0
                text86                             2DE0     2DE0        8      867       0
                text85                             2DD8     2DD8        8      867       0
                text84                             2DD0     2DD0        8      867       0
                text83                             2DC8     2DC8        8      867       0
                text82                             2DC0     2DC0        8      867       0
                text81                             2DB8     2DB8        8      867       0
                text80                             2D52     2D52        C      867       0
                text79                             24A8     24A8       66      867       0
                text78                             2E34     2E34        4     1700       0
                text77                             222C     222C       6E      867       0
                text76                             2E06     2E06        6     1700       0
                text74                             2AFC     2AFC       28      867       0
                text73                             2DB0     2DB0        8      867       0
                text72                             26EA     26EA       50      867       0
                text71                             20C2     20C2       7E      867       0
                text70                             29C4     29C4       30      867       0
                text69                             187A     187A       C4      867       0
                text68                             1D8E     1D8E       B0      867       0
                text67                             2960     2960       34      867       0
                text66                             2E54     2E54        2     1700       0
                text65                             1E3E     1E3E       AA      867       0
                text64                             10CE     10CE      2D2      867       0
                text63                             2844     2844       40      867       0
                text62                             292C     292C       34      867       0
                text61                             2A20     2A20       2C      867       0
                text60                             1B72     1B72       B8      867       0
                text59                             229A     229A       6C      867       0
                text58                             1ABA     1ABA       B8      867       0
                text57                             2E30     2E30        4     1700       0
                text56                             2E2C     2E2C        4     1700       0
                text55                             2E28     2E28        4     1700       0
                text54                             29F4     29F4       2C      867       0
                text53                             2E24     2E24        4     1700       0
                text52                             2804     2804       40      867       0
                text51                             2DA8     2DA8        8      867       0
                text50                             2E20     2E20        4     1700       0
                text49                             2B6C     2B6C       22      867       0
                text48                             2D9E     2D9E        A      867       0
                text47                             1F8E     1F8E       9E      867       0
                text46                             2442     2442       66      867       0
                text45                             2C4C     2C4C       18      867       0
                text44                             2B24     2B24       24      867       0
                text43                             2C34     2C34       18      867       0
                text42                             21BC     21BC       70      867       0
                text41                             2D22     2D22       12      867       0
                text40                             2370     2370       6A      867       0
                text39                             2D10     2D10       12      867       0
                text38                             2CFE     2CFE       12      867       0
                text37                             2CEC     2CEC       12      867       0
                text36                             2CDA     2CDA       12      867       0
                text35                             2CC8     2CC8       12      867       0
                text34                             2CB6     2CB6       12      867       0
                text33                             2CA4     2CA4       12      867       0
                text32                             23DA     23DA       68      867       0
                text31                             2692     2692       58      867       0
                text30                             16D8     16D8       D2      867       0
                text29                             2306     2306       6A      867       0
                text28                             2780     2780       42      867       0
                text27                             2634     2634       5E      867       0
                text26                             25D6     25D6       5E      867       0
                text25                             1CDE     1CDE       B0      867       0
                text24                             2884     2884       3C      867       0
                text23                             202C     202C       96      867       0
                text22                             13A0     13A0      130      867       0
                text21                             1A02     1A02       B8      867       0
                text20                             273A     273A       46      867       0
                text19                             1C2A     1C2A       B4      867       0
                text18                             2C1C     2C1C       18      867       0
                text17                             2D94     2D94        A      867       0
                text16                             2BE8     2BE8       1C      867       0
                text15                             2BCC     2BCC       1C      867       0
                text14                             28C0     28C0       38      867       0
                text13                             2E1C     2E1C        4     1700       0
                text12                             2C7C     2C7C       14      867       0
                text11                             2D8A     2D8A        A      867       0
                text10                             2D80     2D80        A      867       0
                text9                              2D76     2D76        A      867       0
                text8                              28F8     28F8       34      867       0
                text7                              2E18     2E18        4     1700       0
                text6                              2E00     2E00        6     1700       0
                text5                              2994     2994       30      867       0
                text4                              2B8E     2B8E       20      867       0
                text3                              17AA     17AA       D0      867       0
                text2                              2C04     2C04       18      867       0
                text1                              15E2     15E2       F6      867       0
                text0                              14D0     14D0      112      867       0
                cstackCOMRAM                          1        1       44        1       1
                dataBANK0                            BA       BA       1E       60       1
                bssBANK0                             60       60       5A       60       1
                dataCOMRAM                           57       57        7        1       1
                bssCOMRAM                            45       45       12        1       1
                cinit                              2574     2574       62      867       0
                idataBANK0                         2BAE     2BAE       1E      867       0
                idataCOMRAM                        2DF8     2DF8        7      867       0

TOTAL           Name                               Link     Load   Length     Space
        CLASS   CODE           
                intcode                               8        8       AE         0
                init                                 B6       B6        4         0
                reset_vec                             0        0        4         0
                text113                            2E50     2E50        4         0
                text112                            2E4C     2E4C        4         0
                text111                            2B48     2B48       24         0
                text110                            250E     250E       66         0
                text109                            2C64     2C64       18         0
                text108                            2AD0     2AD0       2C         0
                text107                            2E48     2E48        4         0
                text106                            2E44     2E44        4         0
                text105                            2AA4     2AA4       2C         0
                text104                            2A78     2A78       2C         0
                text103                            2A4C     2A4C       2C         0
                text102                            27C2     27C2       42         0
                text101                            2E40     2E40        4         0
                text100                            2E12     2E12        6         0
                text99                             2E3C     2E3C        4         0
                text98                             2E0C     2E0C        6         0
                text97                             2DF0     2DF0        8         0
                text96                             2C90     2C90       14         0
                text95                             2E38     2E38        4         0
                text94                             2140     2140       7C         0
                text93                             2D6A     2D6A        C         0
                text92                             2D34     2D34       10         0
                text91                             2D44     2D44        E         0
                text90                             193E     193E       C4         0
                text89                             1EE8     1EE8       A6         0
                text88                             2D5E     2D5E        C         0
                text87                             2DE8     2DE8        8         0
                text86                             2DE0     2DE0        8         0
                text85                             2DD8     2DD8        8         0
                text84                             2DD0     2DD0        8         0
                text83                             2DC8     2DC8        8         0
                text82                             2DC0     2DC0        8         0
                text81                             2DB8     2DB8        8         0
                text80                             2D52     2D52        C         0
                text79                             24A8     24A8       66         0
                text78                             2E34     2E34        4         0
                text77                             222C     222C       6E         0
                text76                             2E06     2E06        6         0
                text74                             2AFC     2AFC       28         0
                text73                             2DB0     2DB0        8         0
                text72                             26EA     26EA       50         0
                text71                             20C2     20C2       7E         0
                text70                             29C4     29C4       30         0
                text69                             187A     187A       C4         0
                text68                             1D8E     1D8E       B0         0
                text67                             2960     2960       34         0
                text66                             2E54     2E54        2         0
                text65                             1E3E     1E3E       AA         0
                text64                             10CE     10CE      2D2         0
                text63                             2844     2844       40         0
                text62                             292C     292C       34         0
                text61                             2A20     2A20       2C         0
                text60                             1B72     1B72       B8         0
                text59                             229A     229A       6C         0
                text58                             1ABA     1ABA       B8         0
                text57                             2E30     2E30        4         0
                text56                             2E2C     2E2C        4         0
                text55                             2E28     2E28        4         0
                text54                             29F4     29F4       2C         0
                text53                             2E24     2E24        4         0
                text52                             2804     2804       40         0
                text51                             2DA8     2DA8        8         0
                text50                             2E20     2E20        4         0
                text49                             2B6C     2B6C       22         0
                text48                             2D9E     2D9E        A         0
                text47                             1F8E     1F8E       9E         0
                text46                             2442     2442       66         0
                text45                             2C4C     2C4C       18         0
                text44                             2B24     2B24       24         0
                text43                             2C34     2C34       18         0
                text42                             21BC     21BC       70         0
                text41                             2D22     2D22       12         0
                text40                             2370     2370       6A         0
                text39                             2D10     2D10       12         0
                text38                             2CFE     2CFE       12         0
                text37                             2CEC     2CEC       12         0
                text36                             2CDA     2CDA       12         0
                text35                             2CC8     2CC8       12         0
                text34                             2CB6     2CB6       12         0
                text33                             2CA4     2CA4       12         0
                text32                             23DA     23DA       68         0
                text31                             2692     2692       58         0
                text30                             16D8     16D8       D2         0
                text29                             2306     2306       6A         0
                text28                             2780     2780       42         0
                text27                             2634     2634       5E         0
                text26                             25D6     25D6       5E         0
                text25                             1CDE     1CDE       B0         0
                text24                             2884     2884       3C         0
                text23                             202C     202C       96         0
                text22                             13A0     13A0      130         0
                text21                             1A02     1A02       B8         0
                text20                             273A     273A       46         0
                text19                             1C2A     1C2A       B4         0
                text18                             2C1C     2C1C       18         0
                text17                             2D94     2D94        A         0
                text16                             2BE8     2BE8       1C         0
                text15                             2BCC     2BCC       1C         0
                text14                             28C0     28C0       38         0
                text13                             2E1C     2E1C        4         0
                text12                             2C7C     2C7C       14         0
                text11                             2D8A     2D8A        A         0
                text10                             2D80     2D80        A         0
                text9                              2D76     2D76        A         0
                text8                              28F8     28F8       34         0
                text7                              2E18     2E18        4         0
                text6                              2E00     2E00        6         0
                text5                              2994     2994       30         0
                text4                              2B8E     2B8E       20         0
                text3                              17AA     17AA       D0         0
                text2                              2C04     2C04       18         0
                text1                              15E2     15E2       F6         0
                text0                              14D0     14D0      112         0
                cinit                              2574     2574       62         0
                idataBANK0                         2BAE     2BAE       1E         0
                idataCOMRAM                        2DF8     2DF8        7         0

        CLASS   CONST          

        CLASS   SMALLCONST     
                smallconst                         1000     1000       CE         0

        CLASS   MEDIUMCONST    

        CLASS   COMRAM         
                temp                                 5E       5E        1         1
                cstackCOMRAM                          1        1       44         1
                dataCOMRAM                           57       57        7         1
                bssCOMRAM                            45       45       12         1

        CLASS   ABS1           

        CLASS   BIGRAM         

        CLASS   RAM            

        CLASS   BANK0          
                dataBANK0                            BA       BA       1E         1
                bssBANK0                             60       60       5A         1

        CLASS   BANK1          

        CLASS   BANK2          

        CLASS   BANK3          

        CLASS   BANK4          

        CLASS   BANK5          

        CLASS   BANK6          

        CLASS   BANK7          

        CLASS   BANK8          

        CLASS   BANK9          

        CLASS   BANK10         

        CLASS   BANK11         

        CLASS   BANK12         

        CLASS   BANK13         

        CLASS   BANK14         

        CLASS   BANK15         

        CLASS   SFR            

        CLASS   BIGSFR         

        CLASS   CONFIG         
                config                           300000   300000        E         4

        CLASS   IDLOC          

        CLASS   EEDATA         

        CLASS   FARRAM         

        CLASS   HEAP           

        CLASS   STACK          



SEGMENTS        Name                           Load    Length   Top    Selector   Space  Class

                reset_vec                      000000  000004  000004         0       0  CODE    
                cstackCOMRAM                   000001  00005E  00005F         1       1  COMRAM  
                intcode                        000008  0000B2  0000BA         4       0  CODE    
                bssBANK0                       000060  000078  0000D8        60       1  BANK0   
                smallconst                     001000  0000CE  0010CE       800       0  SMALLCON
                text64                         0010CE  001D31  002DFF       867       0  CODE    
                text6                          002E00  000056  002E56      1700       0  CODE    


UNUSED ADDRESS RANGES

        Name                Unused          Largest block    Delta
        BANK0            0000D8-0000FF               28
        BANK1            000100-0001FF              100
        BANK10           000A00-000AFF              100
        BANK11           000B00-000BFF              100
        BANK12           000C00-000CFF              100
        BANK13           000D00-000DFF              100
        BANK14           000E00-000EFF              100
        BANK15           000F00-000F5F               60
        BANK2            000200-0002FF              100
        BANK3            000300-0003FF              100
        BANK4            000400-0004FF              100
        BANK5            000500-0005FF              100
        BANK6            000600-0006FF              100
        BANK7            000700-0007FF              100
        BANK8            000800-0008FF              100
        BANK9            000900-0009FF              100
        BIGRAM           00005F-00005F                1
                         0000D8-000F5F              E88
        BIGSFR           000F60-000FFF               A0
        CODE             000004-000007                4
                         0000BA-000FFF              F46
                         002DFF-002DFF                1
                         002E56-00FFFF             D1AA
        COMRAM           00005F-00005F                1
        CONST            000004-000007                4
                         0000BA-000FFF              F46
                         002DFF-002DFF                1
                         002E56-00FFFF             D1AA
        EEDATA           F00000-F003FF              400
        IDLOC            200000-200007                8
        MEDIUMCONST      002DFF-002DFF                1
                         002E56-00FFFF             D1AA
        RAM              0000D8-000F5F              100
        SFR              000F60-000FFF               A0
        SMALLCONST       002DFF-002DFF                1
                         002E56-00FFFF              100

                                  Symbol Table

?_Get_time_And_Date                                 cstackCOMRAM 000020
?___awdiv                                           cstackCOMRAM 000011
?___awmod                                           cstackCOMRAM 000011
?_abs                                               cstackCOMRAM 000017
?_sprintf                                           cstackCOMRAM 00002C
?_strlen                                            cstackCOMRAM 000011
?_vfprintf                                          cstackCOMRAM 000028
EUSART_FramingErrorCallbackRegister@callbackHandler cstackCOMRAM 000011
EUSART_OverrunErrorCallbackRegister@callbackHandler cstackCOMRAM 000011
EUSART_Send_String@i                                cstackCOMRAM 000019
EUSART_Send_String@str                              cstackCOMRAM 000015
EUSART_Write@txData                                 cstackCOMRAM 000011
EX_EEPROM_Read_Byte@received_data                   cstackCOMRAM 00001E
EX_EEPROM_Read_Byte@reg                             cstackCOMRAM 00001D
EX_EEPROM_Write_Byte@data                           cstackCOMRAM 00001D
EX_EEPROM_Write_Byte@reg                            cstackCOMRAM 00001E
Get_days@address                                    cstackCOMRAM 00001E
Get_days@days                                       cstackCOMRAM 00001F
Get_days@reg                                        cstackCOMRAM 00001D
Get_hours@address                                   cstackCOMRAM 00001E
Get_hours@hours                                     cstackCOMRAM 00001F
Get_hours@reg                                       cstackCOMRAM 00001D
Get_minutes@address                                 cstackCOMRAM 00001E
Get_minutes@minutes                                 cstackCOMRAM 00001F
Get_minutes@reg                                     cstackCOMRAM 00001D
Get_months@address                                  cstackCOMRAM 00001E
Get_months@months                                   cstackCOMRAM 00001F
Get_months@reg                                      cstackCOMRAM 00001D
Get_seconds@address                                 cstackCOMRAM 00001E
Get_seconds@reg                                     cstackCOMRAM 00001D
Get_seconds@seconds                                 cstackCOMRAM 00001F
Get_years@address                                   cstackCOMRAM 00001E
Get_years@reg                                       cstackCOMRAM 00001D
Get_years@years                                     cstackCOMRAM 00001F
I2C_Close@returnValue                               cstackCOMRAM 000011
I2C_MasterOperation@read                            cstackCOMRAM 000011
I2C_MasterOperation@returnValue                     cstackCOMRAM 000012
I2C_MasterSendTxData@data                           cstackCOMRAM 000001
I2C_Open@address                                    cstackCOMRAM 000013
I2C_Open@returnValue                                cstackCOMRAM 000014
I2C_Read1ByteRegister@address                       cstackCOMRAM 00001B
I2C_Read1ByteRegister@reg                           cstackCOMRAM 00001A
I2C_Read1ByteRegister@returnValue                   cstackCOMRAM 00001C
I2C_SetAddressNackCallback@cb                       cstackCOMRAM 000016
I2C_SetAddressNackCallback@ptr                      cstackCOMRAM 000018
I2C_SetBuffer@buffer                                cstackCOMRAM 000011
I2C_SetBuffer@bufferSize                            cstackCOMRAM 000013
I2C_SetCallback@cb                                  cstackCOMRAM 000011
I2C_SetCallback@idx                                 cstackCOMRAM 000015
I2C_SetCallback@ptr                                 cstackCOMRAM 000013
I2C_SetDataCompleteCallback@cb                      cstackCOMRAM 000016
I2C_SetDataCompleteCallback@ptr                     cstackCOMRAM 000018
I2C_SetInterruptHandler@InterruptHandler            cstackCOMRAM 000011
I2C_Write1Byte@address                              cstackCOMRAM 00001B
I2C_Write1Byte@reg                                  cstackCOMRAM 00001A
I2C_Write1ByteRegister@address                      cstackCOMRAM 00001C
I2C_Write1ByteRegister@data                         cstackCOMRAM 00001B
I2C_Write1ByteRegister@reg                          cstackCOMRAM 00001A
INT0_SetInterruptHandler@InterruptHandler           cstackCOMRAM 000011
INT1_SetInterruptHandler@InterruptHandler           cstackCOMRAM 000011
INT2_SetInterruptHandler@InterruptHandler           cstackCOMRAM 000011
LCD_Print_Date@DS1307_obj                           cstackCOMRAM 000041
LCD_Print_Temperature@temp                          cstackCOMRAM 000041
LCD_Print_Time@DS1307_obj                           cstackCOMRAM 000041
Read_Temperature@address                            cstackCOMRAM 00001E
Read_Temperature@temp                               cstackCOMRAM 00001F
Read_Temperature@temp_data                          cstackCOMRAM 00001D
_ANSELH                                             (abs)        000F7F
_BAUDCON                                            (abs)        000FB8
_BAUDCONbits                                        (abs)        000FB8
_CLOCK_Initialize                                   text17       002D94
_DS1307_obj                                         bssBANK0     0000B2
_DS1307_obj@DS1307$F91                              bssBANK0     0000A4
_EEADR                                              (abs)        000FA9
_EECON1bits                                         (abs)        000FA6
_EECON2                                             (abs)        000FA7
_EEDATA                                             (abs)        000FA8
_EUSART_AutoBaudQuery                               (abs)        000000
_EUSART_AutoBaudSet                                 (abs)        000000
_EUSART_DefaultFramingErrorCallback                 (abs)        000000
_EUSART_DefaultOverrunErrorCallback                 (abs)        000000
_EUSART_Deinitialize                                (abs)        000000
_EUSART_ErrorGet                                    (abs)        000000
_EUSART_FramingErrorCallbackRegister                text16       002BE8
_EUSART_FramingErrorHandler                         bssCOMRAM    000045
_EUSART_Initialize                                  text14       0028C0
_EUSART_IsRxReady                                   (abs)        000000
_EUSART_IsTxDone                                    (abs)        000000
_EUSART_IsTxReady                                   text74       002AFC
_EUSART_IsTxReady$2105                              cstackCOMRAM 000011
_EUSART_OverrunErrorCallbackRegister                text15       002BCC
_EUSART_OverrunErrorHandler                         bssBANK0     0000AE
_EUSART_Read                                        (abs)        000000
_EUSART_ReceiveEnable                               text13       002E1C
_EUSART_Send_Date                                   text60       001B72
_EUSART_Send_String                                 text71       0020C2
_EUSART_Send_Temp                                   text59       00229A
_EUSART_Send_Time                                   text58       001ABA
_EUSART_TransmitDisable                             (abs)        000000
_EUSART_TransmitEnable                              (abs)        000000
_EUSART_Write                                       text73       002DB0
_EX_EEPROM_Read_Byte                                text41       002D22
_EX_EEPROM_Write_Byte                               text39       002D10
_Get_days                                           text38       002CFE
_Get_hours                                          text37       002CEC
_Get_minutes                                        text36       002CDA
_Get_months                                         text35       002CC8
_Get_seconds                                        text34       002CB6
_Get_time_And_Date                                  text32       0023DA
_Get_years                                          text33       002CA4
_I2C_CallbackReturnReset                            text106      002E44
_I2C_CallbackReturnStop                             text107      002E48
_I2C_Close                                          text54       0029F4
_I2C_DO_ADDRESS_NACK                                text79       0024A8
_I2C_DO_IDLE                                        text93       002D6A
_I2C_DO_RCEN                                        text88       002D5E
_I2C_DO_RESET                                       text80       002D52
_I2C_DO_RX                                          text89       001EE8
_I2C_DO_RX_ACK                                      text83       002DC8
_I2C_DO_RX_NACK_RESTART                             text81       002DB8
_I2C_DO_RX_NACK_STOP                                text82       002DC0
_I2C_DO_SEND_ADR_READ                               text92       002D34
_I2C_DO_SEND_ADR_WRITE                              text91       002D44
_I2C_DO_SEND_RESTART                                text85       002DD8
_I2C_DO_SEND_RESTART_READ                           text87       002DE8
_I2C_DO_SEND_RESTART_WRITE                          text86       002DE0
_I2C_DO_SEND_STOP                                   text84       002DD0
_I2C_DO_TX                                          text90       00193E
_I2C_DO_TX_EMPTY                                    text94       002140
_I2C_Initialize                                     text12       002C7C
_I2C_MasterClearIrq                                 text57       002E30
_I2C_MasterClose                                    text56       002E2C
_I2C_MasterDisableIrq                               text55       002E28
_I2C_MasterEnableIrq                                text50       002E20
_I2C_MasterEnableRestart                            text113      002E50
_I2C_MasterFsm                                      text77       00222C
_I2C_MasterGetRxData                                text99       002E3C
_I2C_MasterIsNack                                   text96       002C90
_I2C_MasterIsr                                      text76       002E06
_I2C_MasterOpen                                     text49       002B6C
_I2C_MasterOperation                                text52       002804
_I2C_MasterSendAck                                  text98       002E0C
_I2C_MasterSendNack                                 text100      002E12
_I2C_MasterSendTxData                               text97       002DF0
_I2C_MasterSetIrq                                   text95       002E38
_I2C_MasterStart                                    text53       002E24
_I2C_MasterStartRx                                  text101      002E40
_I2C_MasterStop                                     text112      002E4C
_I2C_MasterWrite                                    text51       002DA8
_I2C_Open                                           text47       001F8E
_I2C_Read1ByteRegister                              text42       0021BC
_I2C_SetAddressNackCallback                         text45       002C4C
_I2C_SetBuffer                                      text44       002B24
_I2C_SetCallback                                    text46       002442
_I2C_SetDataCompleteCallback                        text43       002C34
_I2C_SetInterruptHandler                            text48       002D9E
_I2C_Status                                         bssBANK0     000060
_I2C_Write1Byte                                     text31       002692
_I2C_Write1ByteRegister                             text40       002370
_INT0_DefaultInterruptHandler                       (abs)        000000
_INT0_InterruptHandler                              bssCOMRAM    00004B
_INT0_SetInterruptHandler                           text11       002D8A
_INT1_DefaultInterruptHandler                       (abs)        000000
_INT1_InterruptHandler                              bssCOMRAM    000049
_INT1_SetInterruptHandler                           text10       002D80
_INT2_DefaultInterruptHandler                       (abs)        000000
_INT2_InterruptHandler                              bssCOMRAM    000047
_INT2_SetInterruptHandler                           text9        002D76
_INTCON2bits                                        (abs)        000FF1
_INTCON3bits                                        (abs)        000FF0
_INTCONbits                                         (abs)        000FF2
_INTERRUPT_Initialize                               text8        0028F8
_INTERRUPT_InterruptManagerHigh                     intcode      000008
_IOCB                                               (abs)        000F7D
_LATA                                               (abs)        000F89
_LATB                                               (abs)        000F8A
_LATC                                               (abs)        000F8B
_LATD                                               (abs)        000F8C
_LATE                                               (abs)        000F8D
_LCD_Beginning_Msg                                  text22       0013A0
_LCD_Print_Date                                     text21       001A02
_LCD_Print_Temperature                              text20       00273A
_LCD_Print_Time                                     text19       001C2A
_MSSP_InterruptHandler                              bssCOMRAM    00004D
_NVM_Initialize                                     text6        002E00
_NVM_StatusClear                                    text7        002E18
_OSCCON                                             (abs)        000FD3
_OSCTUNE                                            (abs)        000F9B
_PIE1bits                                           (abs)        000F9D
_PIE2bits                                           (abs)        000FA0
_PIN_MANAGER_Initialize                             text5        002994
_PIR1bits                                           (abs)        000F9E
_PIR2bits                                           (abs)        000FA1
_PORTA                                              (abs)        000F80
_PORTB                                              (abs)        000F81
_PORTC                                              (abs)        000F82
_PORTD                                              (abs)        000F83
_PORTE                                              (abs)        000F84
_RCONbits                                           (abs)        000FD0
_RCREG                                              (abs)        000FAE
_RCSTA                                              (abs)        000FAB
_RCSTAbits                                          (abs)        000FAB
_Read_Temperature                                   text18       002C1C
_SPBRG                                              (abs)        000FAF
_SPBRGH                                             (abs)        000FB0
_SSPADD                                             (abs)        000FC8
_SSPBUF                                             (abs)        000FC9
_SSPCON1                                            (abs)        000FC6
_SSPCON1bits                                        (abs)        000FC6
_SSPCON2                                            (abs)        000FC5
_SSPCON2bits                                        (abs)        000FC5
_SSPSTAT                                            (abs)        000FC7
_SSPSTATbits                                        (abs)        000FC7
_SYSTEM_Initialize                                  text4        002B8E
_TABLAT                                             (abs)        000FF5
_TBLPTRH                                            (abs)        000FF7
_TBLPTRL                                            (abs)        000FF6
_TBLPTRU                                            (abs)        000FF8
_TC74_Temp                                          bssCOMRAM    000051
_TRISA                                              (abs)        000F92
_TRISB                                              (abs)        000F93
_TRISC                                              (abs)        000F94
_TRISD                                              (abs)        000F95
_TRISDbits                                          (abs)        000F95
_TRISE                                              (abs)        000F96
_TXREG                                              (abs)        000FAD
_TXSTA                                              (abs)        000FAC
_TXSTAbits                                          (abs)        000FAC
_UART1                                              smallconst   001001
_WPUB                                               (abs)        000F7C
__HRAM                                              (abs)        000000
__H__absolute__                                     __absolute__ 000000
__Habs1                                             abs1         000000
__Hbank0                                            bank0        000000
__Hbank1                                            bank1        000000
__Hbank10                                           bank10       000000
__Hbank11                                           bank11       000000
__Hbank12                                           bank12       000000
__Hbank13                                           bank13       000000
__Hbank14                                           bank14       000000
__Hbank15                                           bank15       000000
__Hbank2                                            bank2        000000
__Hbank3                                            bank3        000000
__Hbank4                                            bank4        000000
__Hbank5                                            bank5        000000
__Hbank6                                            bank6        000000
__Hbank7                                            bank7        000000
__Hbank8                                            bank8        000000
__Hbank9                                            bank9        000000
__Hbigbss                                           bigbss       000000
__Hbigdata                                          bigdata      000000
__Hbigram                                           bigram       000000
__Hbigsfr                                           bigsfr       000000
__Hbss                                              bss          000000
__HbssBANK0                                         bssBANK0     000000
__HbssCOMRAM                                        bssCOMRAM    000000
__Hcinit                                            cinit        000000
__Hclrtext                                          clrtext      000000
__Hcomram                                           comram       000000
__Hconfig                                           config       30000E
__Hconst                                            const        000000
__HcstackCOMRAM                                     cstackCOMRAM 000000
__Hdata                                             data         000000
__HdataBANK0                                        dataBANK0    000000
__HdataCOMRAM                                       dataCOMRAM   000000
__Heeprom_data                                      eeprom_data  000000
__Hfarbss                                           farbss       000000
__Hfardata                                          fardata      000000
__Hheap                                             heap         000000
__Hibigdata                                         ibigdata     000000
__Hidata                                            idata        000000
__HidataBANK0                                       idataBANK0   000000
__HidataCOMRAM                                      idataCOMRAM  000000
__Hidloc                                            idloc        000000
__Hifardata                                         ifardata     000000
__Hinit                                             init         0000BA
__Hintcode                                          intcode      0000B6
__Hintcode_body                                     intcode_body 000000
__Hintcodelo                                        intcodelo    0000B6
__Hintentry                                         intentry     000000
__Hintret                                           intret       000000
__Hintsave_regs                                     intsave_regs 000000
__Hirdata                                           irdata       000000
__Hmediumconst                                      mediumconst  000000
__HnvFARRAM                                         nvFARRAM     000000
__Hnvbit                                            nvbit        000000
__Hnvrram                                           nvrram       000000
__Hparam                                            rparam       000000
__Hpowerup                                          powerup      0000B6
__Hram                                              ram          000000
__Hramtop                                           ramtop       001000
__Hrbit                                             rbit         000000
__Hrbss                                             rbss         000000
__Hrdata                                            rdata        000000
__Hreset_vec                                        reset_vec    000004
__Hrparam                                           rparam       000000
__Hsfr                                              sfr          000000
__Hsmallconst                                       smallconst   0010CE
__Hspace_0                                          (abs)        002E56
__Hspace_1                                          (abs)        0000D8
__Hspace_2                                          (abs)        000000
__Hspace_4                                          (abs)        60000E
__Hstack                                            stack        000000
__Hstruct                                           struct       000000
__Htemp                                             temp         00005F
__Htext                                             text         000000
__Htext0                                            text0        000000
__Htext1                                            text1        000000
__Htext10                                           text10       000000
__Htext100                                          text100      000000
__Htext101                                          text101      000000
__Htext102                                          text102      000000
__Htext103                                          text103      000000
__Htext104                                          text104      000000
__Htext105                                          text105      000000
__Htext106                                          text106      000000
__Htext107                                          text107      000000
__Htext108                                          text108      000000
__Htext109                                          text109      000000
__Htext11                                           text11       000000
__Htext110                                          text110      000000
__Htext111                                          text111      000000
__Htext112                                          text112      000000
__Htext113                                          text113      000000
__Htext114                                          text114      000000
__Htext12                                           text12       000000
__Htext13                                           text13       000000
__Htext14                                           text14       000000
__Htext15                                           text15       000000
__Htext16                                           text16       000000
__Htext17                                           text17       000000
__Htext18                                           text18       000000
__Htext19                                           text19       000000
__Htext2                                            text2        000000
__Htext20                                           text20       000000
__Htext21                                           text21       000000
__Htext22                                           text22       000000
__Htext23                                           text23       000000
__Htext24                                           text24       000000
__Htext25                                           text25       000000
__Htext26                                           text26       000000
__Htext27                                           text27       000000
__Htext28                                           text28       000000
__Htext29                                           text29       000000
__Htext3                                            text3        000000
__Htext30                                           text30       000000
__Htext31                                           text31       000000
__Htext32                                           text32       000000
__Htext33                                           text33       000000
__Htext34                                           text34       000000
__Htext35                                           text35       000000
__Htext36                                           text36       000000
__Htext37                                           text37       000000
__Htext38                                           text38       000000
__Htext39                                           text39       000000
__Htext4                                            text4        000000
__Htext40                                           text40       000000
__Htext41                                           text41       000000
__Htext42                                           text42       000000
__Htext43                                           text43       000000
__Htext44                                           text44       000000
__Htext45                                           text45       000000
__Htext46                                           text46       000000
__Htext47                                           text47       000000
__Htext48                                           text48       000000
__Htext49                                           text49       000000
__Htext5                                            text5        000000
__Htext50                                           text50       000000
__Htext51                                           text51       000000
__Htext52                                           text52       000000
__Htext53                                           text53       000000
__Htext54                                           text54       000000
__Htext55                                           text55       000000
__Htext56                                           text56       000000
__Htext57                                           text57       000000
__Htext58                                           text58       000000
__Htext59                                           text59       000000
__Htext6                                            text6        000000
__Htext60                                           text60       000000
__Htext61                                           text61       000000
__Htext62                                           text62       000000
__Htext63                                           text63       000000
__Htext64                                           text64       000000
__Htext65                                           text65       000000
__Htext66                                           text66       000000
__Htext67                                           text67       000000
__Htext68                                           text68       000000
__Htext69                                           text69       000000
__Htext7                                            text7        000000
__Htext70                                           text70       000000
__Htext71                                           text71       000000
__Htext72                                           text72       000000
__Htext73                                           text73       000000
__Htext74                                           text74       000000
__Htext76                                           text76       000000
__Htext77                                           text77       000000
__Htext78                                           text78       000000
__Htext79                                           text79       000000
__Htext8                                            text8        000000
__Htext80                                           text80       000000
__Htext81                                           text81       000000
__Htext82                                           text82       000000
__Htext83                                           text83       000000
__Htext84                                           text84       000000
__Htext85                                           text85       000000
__Htext86                                           text86       000000
__Htext87                                           text87       000000
__Htext88                                           text88       000000
__Htext89                                           text89       000000
__Htext9                                            text9        000000
__Htext90                                           text90       000000
__Htext91                                           text91       000000
__Htext92                                           text92       000000
__Htext93                                           text93       000000
__Htext94                                           text94       000000
__Htext95                                           text95       000000
__Htext96                                           text96       000000
__Htext97                                           text97       000000
__Htext98                                           text98       000000
__Htext99                                           text99       000000
__LRAM                                              (abs)        000001
__L__absolute__                                     __absolute__ 000000
__Labs1                                             abs1         000000
__Lbank0                                            bank0        000000
__Lbank1                                            bank1        000000
__Lbank10                                           bank10       000000
__Lbank11                                           bank11       000000
__Lbank12                                           bank12       000000
__Lbank13                                           bank13       000000
__Lbank14                                           bank14       000000
__Lbank15                                           bank15       000000
__Lbank2                                            bank2        000000
__Lbank3                                            bank3        000000
__Lbank4                                            bank4        000000
__Lbank5                                            bank5        000000
__Lbank6                                            bank6        000000
__Lbank7                                            bank7        000000
__Lbank8                                            bank8        000000
__Lbank9                                            bank9        000000
__Lbigbss                                           bigbss       000000
__Lbigdata                                          bigdata      000000
__Lbigram                                           bigram       000000
__Lbigsfr                                           bigsfr       000000
__Lbss                                              bss          000000
__LbssBANK0                                         bssBANK0     000000
__LbssCOMRAM                                        bssCOMRAM    000000
__Lcinit                                            cinit        000000
__Lclrtext                                          clrtext      000000
__Lcomram                                           comram       000000
__Lconfig                                           config       000000
__Lconst                                            const        000000
__LcstackCOMRAM                                     cstackCOMRAM 000000
__Ldata                                             data         000000
__LdataBANK0                                        dataBANK0    000000
__LdataCOMRAM                                       dataCOMRAM   000000
__Leeprom_data                                      eeprom_data  000000
__Lfarbss                                           farbss       000000
__Lfardata                                          fardata      000000
__Lheap                                             heap         000000
__Libigdata                                         ibigdata     000000
__Lidata                                            idata        000000
__LidataBANK0                                       idataBANK0   000000
__LidataCOMRAM                                      idataCOMRAM  000000
__Lidloc                                            idloc        000000
__Lifardata                                         ifardata     000000
__Linit                                             init         0000B6
__Lintcode                                          intcode      000008
__Lintcode_body                                     intcode_body 000000
__Lintcodelo                                        intcodelo    0000B6
__Lintentry                                         intentry     000000
__Lintret                                           intret       000000
__Lintsave_regs                                     intsave_regs 000000
__Lirdata                                           irdata       000000
__Lmediumconst                                      mediumconst  000000
__LnvFARRAM                                         nvFARRAM     000000
__Lnvbit                                            nvbit        000000
__Lnvrram                                           nvrram       000000
__Lparam                                            rparam       000000
__Lpowerup                                          powerup      0000B6
__Lram                                              ram          000000
__Lramtop                                           ramtop       001000
__Lrbit                                             rbit         000000
__Lrbss                                             rbss         000000
__Lrdata                                            rdata        000000
__Lreset_vec                                        reset_vec    000000
__Lrparam                                           rparam       000000
__Lsfr                                              sfr          000000
__Lsmallconst                                       smallconst   001000
__Lspace_0                                          (abs)        000000
__Lspace_1                                          (abs)        000000
__Lspace_2                                          (abs)        000000
__Lspace_4                                          (abs)        000000
__Lstack                                            stack        000000
__Lstruct                                           struct       000000
__Ltemp                                             temp         00005E
__Ltext                                             text         000000
__Ltext0                                            text0        000000
__Ltext1                                            text1        000000
__Ltext10                                           text10       000000
__Ltext100                                          text100      000000
__Ltext101                                          text101      000000
__Ltext102                                          text102      000000
__Ltext103                                          text103      000000
__Ltext104                                          text104      000000
__Ltext105                                          text105      000000
__Ltext106                                          text106      000000
__Ltext107                                          text107      000000
__Ltext108                                          text108      000000
__Ltext109                                          text109      000000
__Ltext11                                           text11       000000
__Ltext110                                          text110      000000
__Ltext111                                          text111      000000
__Ltext112                                          text112      000000
__Ltext113                                          text113      000000
__Ltext114                                          text114      000000
__Ltext12                                           text12       000000
__Ltext13                                           text13       000000
__Ltext14                                           text14       000000
__Ltext15                                           text15       000000
__Ltext16                                           text16       000000
__Ltext17                                           text17       000000
__Ltext18                                           text18       000000
__Ltext19                                           text19       000000
__Ltext2                                            text2        000000
__Ltext20                                           text20       000000
__Ltext21                                           text21       000000
__Ltext22                                           text22       000000
__Ltext23                                           text23       000000
__Ltext24                                           text24       000000
__Ltext25                                           text25       000000
__Ltext26                                           text26       000000
__Ltext27                                           text27       000000
__Ltext28                                           text28       000000
__Ltext29                                           text29       000000
__Ltext3                                            text3        000000
__Ltext30                                           text30       000000
__Ltext31                                           text31       000000
__Ltext32                                           text32       000000
__Ltext33                                           text33       000000
__Ltext34                                           text34       000000
__Ltext35                                           text35       000000
__Ltext36                                           text36       000000
__Ltext37                                           text37       000000
__Ltext38                                           text38       000000
__Ltext39                                           text39       000000
__Ltext4                                            text4        000000
__Ltext40                                           text40       000000
__Ltext41                                           text41       000000
__Ltext42                                           text42       000000
__Ltext43                                           text43       000000
__Ltext44                                           text44       000000
__Ltext45                                           text45       000000
__Ltext46                                           text46       000000
__Ltext47                                           text47       000000
__Ltext48                                           text48       000000
__Ltext49                                           text49       000000
__Ltext5                                            text5        000000
__Ltext50                                           text50       000000
__Ltext51                                           text51       000000
__Ltext52                                           text52       000000
__Ltext53                                           text53       000000
__Ltext54                                           text54       000000
__Ltext55                                           text55       000000
__Ltext56                                           text56       000000
__Ltext57                                           text57       000000
__Ltext58                                           text58       000000
__Ltext59                                           text59       000000
__Ltext6                                            text6        000000
__Ltext60                                           text60       000000
__Ltext61                                           text61       000000
__Ltext62                                           text62       000000
__Ltext63                                           text63       000000
__Ltext64                                           text64       000000
__Ltext65                                           text65       000000
__Ltext66                                           text66       000000
__Ltext67                                           text67       000000
__Ltext68                                           text68       000000
__Ltext69                                           text69       000000
__Ltext7                                            text7        000000
__Ltext70                                           text70       000000
__Ltext71                                           text71       000000
__Ltext72                                           text72       000000
__Ltext73                                           text73       000000
__Ltext74                                           text74       000000
__Ltext76                                           text76       000000
__Ltext77                                           text77       000000
__Ltext78                                           text78       000000
__Ltext79                                           text79       000000
__Ltext8                                            text8        000000
__Ltext80                                           text80       000000
__Ltext81                                           text81       000000
__Ltext82                                           text82       000000
__Ltext83                                           text83       000000
__Ltext84                                           text84       000000
__Ltext85                                           text85       000000
__Ltext86                                           text86       000000
__Ltext87                                           text87       000000
__Ltext88                                           text88       000000
__Ltext89                                           text89       000000
__Ltext9                                            text9        000000
__Ltext90                                           text90       000000
__Ltext91                                           text91       000000
__Ltext92                                           text92       000000
__Ltext93                                           text93       000000
__Ltext94                                           text94       000000
__Ltext95                                           text95       000000
__Ltext96                                           text96       000000
__Ltext97                                           text97       000000
__Ltext98                                           text98       000000
__Ltext99                                           text99       000000
__S0                                                (abs)        002E56
__S1                                                (abs)        0000D8
__S4                                                (abs)        000000
__S5                                                (abs)        000000
___awdiv                                            text69       00187A
___awdiv@counter                                    cstackCOMRAM 000015
___awdiv@dividend                                   cstackCOMRAM 000011
___awdiv@divisor                                    cstackCOMRAM 000013
___awdiv@quotient                                   cstackCOMRAM 000017
___awdiv@sign                                       cstackCOMRAM 000016
___awmod                                            text68       001D8E
___awmod@counter                                    cstackCOMRAM 000015
___awmod@dividend                                   cstackCOMRAM 000011
___awmod@divisor                                    cstackCOMRAM 000013
___awmod@sign                                       cstackCOMRAM 000016
___heap_hi                                          (abs)        000000
___heap_lo                                          (abs)        000000
___inthi_sp                                         stack        000000
___inthi_stack_hi                                   stack        000000
___inthi_stack_lo                                   stack        000000
___intlo_sp                                         stack        000000
___intlo_stack_hi                                   stack        000000
___intlo_stack_lo                                   stack        000000
___param_bank                                       (abs)        000000
___rparam_used                                      (abs)        000001
___sp                                               stack        000000
___stack_hi                                         stack        000000
___stack_lo                                         stack        000000
__accesstop                                         (abs)        000060
__activetblptr                                      (abs)        000003
__end_of_CLOCK_Initialize                           text17       002D9E
__end_of_EUSART_FramingErrorCallbackRegister        text16       002C04
__end_of_EUSART_Initialize                          text14       0028F8
__end_of_EUSART_IsTxReady                           text74       002B24
__end_of_EUSART_OverrunErrorCallbackRegister        text15       002BE8
__end_of_EUSART_ReceiveEnable                       text13       002E20
__end_of_EUSART_Send_Date                           text60       001C2A
__end_of_EUSART_Send_String                         text71       002140
__end_of_EUSART_Send_Temp                           text59       002306
__end_of_EUSART_Send_Time                           text58       001B72
__end_of_EUSART_Write                               text73       002DB8
__end_of_EX_EEPROM_Read_Byte                        text41       002D34
__end_of_EX_EEPROM_Write_Byte                       text39       002D22
__end_of_Get_days                                   text38       002D10
__end_of_Get_hours                                  text37       002CFE
__end_of_Get_minutes                                text36       002CEC
__end_of_Get_months                                 text35       002CDA
__end_of_Get_seconds                                text34       002CC8
__end_of_Get_time_And_Date                          text32       002442
__end_of_Get_years                                  text33       002CB6
__end_of_I2C_CallbackReturnReset                    text106      002E48
__end_of_I2C_CallbackReturnStop                     text107      002E4C
__end_of_I2C_Close                                  text54       002A20
__end_of_I2C_DO_ADDRESS_NACK                        text79       00250E
__end_of_I2C_DO_IDLE                                text93       002D76
__end_of_I2C_DO_RCEN                                text88       002D6A
__end_of_I2C_DO_RESET                               text80       002D5E
__end_of_I2C_DO_RX                                  text89       001F8E
__end_of_I2C_DO_RX_ACK                              text83       002DD0
__end_of_I2C_DO_RX_NACK_RESTART                     text81       002DC0
__end_of_I2C_DO_RX_NACK_STOP                        text82       002DC8
__end_of_I2C_DO_SEND_ADR_READ                       text92       002D44
__end_of_I2C_DO_SEND_ADR_WRITE                      text91       002D52
__end_of_I2C_DO_SEND_RESTART                        text85       002DE0
__end_of_I2C_DO_SEND_RESTART_READ                   text87       002DF0
__end_of_I2C_DO_SEND_RESTART_WRITE                  text86       002DE8
__end_of_I2C_DO_SEND_STOP                           text84       002DD8
__end_of_I2C_DO_TX                                  text90       001A02
__end_of_I2C_DO_TX_EMPTY                            text94       0021BC
__end_of_I2C_Initialize                             text12       002C90
__end_of_I2C_MasterClearIrq                         text57       002E34
__end_of_I2C_MasterClose                            text56       002E30
__end_of_I2C_MasterDisableIrq                       text55       002E2C
__end_of_I2C_MasterEnableIrq                        text50       002E24
__end_of_I2C_MasterEnableRestart                    text113      002E54
__end_of_I2C_MasterFsm                              text77       00229A
__end_of_I2C_MasterGetRxData                        text99       002E40
__end_of_I2C_MasterIsNack                           text96       002CA4
__end_of_I2C_MasterIsr                              text76       002E0C
__end_of_I2C_MasterOpen                             text49       002B8E
__end_of_I2C_MasterOperation                        text52       002844
__end_of_I2C_MasterSendAck                          text98       002E12
__end_of_I2C_MasterSendNack                         text100      002E18
__end_of_I2C_MasterSendTxData                       text97       002DF8
__end_of_I2C_MasterSetIrq                           text95       002E3C
__end_of_I2C_MasterStart                            text53       002E28
__end_of_I2C_MasterStartRx                          text101      002E44
__end_of_I2C_MasterStop                             text112      002E50
__end_of_I2C_MasterWrite                            text51       002DB0
__end_of_I2C_Open                                   text47       00202C
__end_of_I2C_Read1ByteRegister                      text42       00222C
__end_of_I2C_SetAddressNackCallback                 text45       002C64
__end_of_I2C_SetBuffer                              text44       002B48
__end_of_I2C_SetCallback                            text46       0024A8
__end_of_I2C_SetDataCompleteCallback                text43       002C4C
__end_of_I2C_SetInterruptHandler                    text48       002DA8
__end_of_I2C_Write1Byte                             text31       0026EA
__end_of_I2C_Write1ByteRegister                     text40       0023DA
__end_of_INT0_SetInterruptHandler                   text11       002D94
__end_of_INT1_SetInterruptHandler                   text10       002D8A
__end_of_INT2_SetInterruptHandler                   text9        002D80
__end_of_INTERRUPT_Initialize                       text8        00292C
__end_of_INTERRUPT_InterruptManagerHigh             intcode      0000B6
__end_of_LCD_Beginning_Msg                          text22       0014D0
__end_of_LCD_Print_Date                             text21       001ABA
[...]
__ptext86                                           text86       002DE0
__ptext87                                           text87       002DE8
__ptext88                                           text88       002D5E
__ptext89                                           text89       001EE8
__ptext9                                            text9        002D76
__ptext90                                           text90       00193E
__ptext91                                           text91       002D44
__ptext92                                           text92       002D34
__ptext93                                           text93       002D6A
__ptext94                                           text94       002140
__ptext95                                           text95       002E38
__ptext96                                           text96       002C90
__ptext97                                           text97       002DF0
__ptext98                                           text98       002E0C
__ptext99                                           text99       002E3C
__ramtop                                            ramtop       001000
__smallconst                                        smallconst   001000
_abs                                                text67       002960
_convert_byte_to_str                                text61       002A20
_dbuf                                               bssBANK0     000084
_decimal                                            bssCOMRAM    000050
_dummy_str                                          bssCOMRAM    000055
_eusartRxLastError                                  bssBANK0     0000B0
_flags                                              bssCOMRAM    00004F
_fputc                                              text65       001E3E
_gpio_pin_direction_intialize                       text3        0017AA
_gpio_pin_intialize                                 text2        002C04
_gpio_pin_write_logic                               text30       0016D8
_hex_str                                            bssBANK0     0000B8
_i2c_fsmStateTable                                  smallconst   001031
_lat_registers                                      dataBANK0    0000C4
_lcd_4bit_intialize                                 text1        0015E2
_lcd_4bit_send                                      text29       002306
_lcd_4bit_send_char_data                            text27       002634
_lcd_4bit_send_char_data_pos                        text24       002884
_lcd_4bit_send_command                              text26       0025D6
_lcd_4bit_send_enable_signal                        text28       002780
_lcd_4bit_send_string_pos                           text23       00202C
_lcd_4bit_set_cursor                                text25       001CDE
_main                                               text0        0014D0
_memset                                             text70       0029C4
_my_lcd_4bit                                        dataCOMRAM   000058
_port_registers                                     dataBANK0    0000BA
_prec                                               bssBANK0     0000AC
_putch                                              text66       002E54
_rd1RegCompleteHandler                              text105      002AA4
_rd2RegCompleteHandler                              text104      002A78
_rdBlkRegCompleteHandler                            text102      0027C2
_received_data                                      bssCOMRAM    000052
_ret                                                dataCOMRAM   000057
_sprintf                                            text62       00292C
_strlen                                             text72       0026EA
_tris_registers                                     dataBANK0    0000CE
_unlockKeyHigh                                      bssCOMRAM    000053
_unlockKeyLow                                       bssCOMRAM    000054
_vfpfcnvrt                                          text64       0010CE
_vfprintf                                           text63       002844
_width                                              bssBANK0     0000AA
_wr1RegCompleteHandler                              text103      002A4C
_wr2RegCompleteHandler                              text108      002AD0
abs@a                                               cstackCOMRAM 000017
btemp                                               temp         00005E
convert_byte_to_str@str                             cstackCOMRAM 00003F
convert_byte_to_str@val                             cstackCOMRAM 000040
end_of_initialization                               cinit        0025CC
fputc@c                                             cstackCOMRAM 000011
fputc@fp                                            cstackCOMRAM 000013
gpio_pin_direction_intialize@_pin_config            cstackCOMRAM 000011
gpio_pin_intialize@_pin_config                      cstackCOMRAM 000019
gpio_pin_write_logic@_pin_config                    cstackCOMRAM 000011
gpio_pin_write_logic@logic                          cstackCOMRAM 000012
gpio_pin_write_logic@ret                            cstackCOMRAM 000018
i2I2C_SetBuffer@buffer                              cstackCOMRAM 000001
i2I2C_SetBuffer@bufferSize                          cstackCOMRAM 000003
i2I2C_SetCallback@cb                                cstackCOMRAM 000001
i2I2C_SetCallback@idx                               cstackCOMRAM 000005
i2I2C_SetCallback@ptr                               cstackCOMRAM 000003
i2I2C_SetDataCompleteCallback@cb                    cstackCOMRAM 000006
i2I2C_SetDataCompleteCallback@ptr                   cstackCOMRAM 000008
i2_I2C_MasterClearIrq                               text78       002E34
i2_I2C_SetBuffer                                    text111      002B48
i2_I2C_SetCallback                                  text110      00250E
i2_I2C_SetDataCompleteCallback                      text109      002C64
int$flags                                           temp         00005E
intlevel0                                           text         000000
intlevel1                                           text         000000
intlevel2                                           text         000000
intlevel3                                           text         000000
isa$std                                             (abs)        000001
isa$xinst                                           (abs)        000000
lcd_4bit_intialize@lcd                              cstackCOMRAM 00001F
lcd_4bit_intialize@pin_counter                      cstackCOMRAM 000021
lcd_4bit_intialize@ret                              cstackCOMRAM 000023
lcd_4bit_send@command                               cstackCOMRAM 00001A
lcd_4bit_send@lcd                                   cstackCOMRAM 000019
lcd_4bit_send@ret                                   cstackCOMRAM 00001B
lcd_4bit_send_char_data@data                        cstackCOMRAM 00001D
lcd_4bit_send_char_data@lcd                         cstackCOMRAM 00001C
lcd_4bit_send_char_data@ret                         cstackCOMRAM 00001E
lcd_4bit_send_char_data_pos@column                  cstackCOMRAM 000028
lcd_4bit_send_char_data_pos@data                    cstackCOMRAM 000026
lcd_4bit_send_char_data_pos@lcd                     cstackCOMRAM 000025
lcd_4bit_send_char_data_pos@ret                     cstackCOMRAM 000029
lcd_4bit_send_char_data_pos@row                     cstackCOMRAM 000027
lcd_4bit_send_command@command                       cstackCOMRAM 00001D
lcd_4bit_send_command@lcd                           cstackCOMRAM 00001C
lcd_4bit_send_command@ret                           cstackCOMRAM 00001E
lcd_4bit_send_enable_signal@lcd                     cstackCOMRAM 000019
lcd_4bit_send_enable_signal@ret                     cstackCOMRAM 00001A
lcd_4bit_send_string_pos@column                     cstackCOMRAM 000029
lcd_4bit_send_string_pos@lcd                        cstackCOMRAM 000025
lcd_4bit_send_string_pos@ret                        cstackCOMRAM 00002A
lcd_4bit_send_string_pos@row                        cstackCOMRAM 000028
lcd_4bit_send_string_pos@str                        cstackCOMRAM 000026
lcd_4bit_set_cursor@column                          cstackCOMRAM 000021
lcd_4bit_set_cursor@lcd                             cstackCOMRAM 00001F
lcd_4bit_set_cursor@ret                             cstackCOMRAM 000024
lcd_4bit_set_cursor@row                             cstackCOMRAM 000020
memset@c                                            cstackCOMRAM 000012
memset@dest                                         cstackCOMRAM 000011
memset@n                                            cstackCOMRAM 000014
memset@p                                            cstackCOMRAM 000016
rd1RegCompleteHandler@ptr                           cstackCOMRAM 00000A
rd2RegCompleteHandler@ptr                           cstackCOMRAM 00000A
rdBlkRegCompleteHandler@ptr                         cstackCOMRAM 00000A
sprintf@ap                                          cstackCOMRAM 000032
sprintf@f                                           cstackCOMRAM 000033
sprintf@fmt                                         cstackCOMRAM 00002D
sprintf@s                                           cstackCOMRAM 00002C
stackhi                                             (abs)        000000
stacklo                                             (abs)        000000
start                                               init         0000B6
start_initialization                                cinit        002574
strlen@a                                            cstackCOMRAM 000013
strlen@s                                            cstackCOMRAM 000011
ttemp5                                              temp         00005F
ttemp6                                              temp         000062
ttemp7                                              temp         000066
vfpfcnvrt@ap                                        cstackCOMRAM 00001D
vfpfcnvrt@c                                         cstackCOMRAM 000027
vfpfcnvrt@convarg                                   cstackCOMRAM 000023
vfpfcnvrt@cp                                        cstackCOMRAM 000022
vfpfcnvrt@done                                      cstackCOMRAM 000020
vfpfcnvrt@fmt                                       cstackCOMRAM 00001C
vfpfcnvrt@fp                                        cstackCOMRAM 00001B
vfpfcnvrt@x                                         cstackCOMRAM 000021
vfprintf@ap                                         cstackCOMRAM 00002A
vfprintf@cfmt                                       cstackCOMRAM 00002B
vfprintf@fmt                                        cstackCOMRAM 000029
vfprintf@fp                                         cstackCOMRAM 000028
wr1RegCompleteHandler@ptr                           cstackCOMRAM 00000A
wr2RegCompleteHandler@ptr                           cstackCOMRAM 00000A
wtemp8                                              temp         00005F


MODULE INFORMATION

Module		Function		Class		Link	Load	Size
mcc_generated_files/i2c_client/src/i2c_master.c
		_I2C_Close     		CODE           	29F4	0000	44
		_I2C_MasterStartRx		CODE           	2E40	0000	4
		_I2C_DO_SEND_ADR_WRITE		CODE           	2D44	0000	14
		_I2C_DO_SEND_STOP		CODE           	2DD0	0000	8
		_I2C_MasterSendNack		CODE           	2E12	0000	6
		_I2C_MasterDisableIrq		CODE           	2E28	0000	4
		_I2C_CallbackReturnStop		CODE           	2E48	0000	4
		_I2C_MasterOperation		CODE           	2804	0000	64
		_I2C_DO_SEND_ADR_READ		CODE           	2D34	0000	16
		_I2C_DO_RX_NACK_STOP		CODE           	2DC0	0000	8
		_I2C_DO_SEND_RESTART		CODE           	2DD8	0000	8
		_I2C_DO_RX     		CODE           	1EE8	0000	166
		_I2C_DO_TX     		CODE           	193E	0000	196
		_I2C_DO_IDLE   		CODE           	2D6A	0000	12
		_I2C_DO_RCEN   		CODE           	2D5E	0000	12
		_I2C_DO_RESET  		CODE           	2D52	0000	12
		_I2C_MasterClose		CODE           	2E2C	0000	4
		_I2C_MasterWrite		CODE           	2DA8	0000	8
		_I2C_DO_RX_ACK 		CODE           	2DC8	0000	8
		_I2C_MasterStart		CODE           	2E24	0000	4
		_I2C_MasterClearIrq		CODE           	2E30	0000	4
		_I2C_MasterGetRxData		CODE           	2E3C	0000	4
		_I2C_SetCallback		CODE           	2442	0000	102
		_I2C_DO_ADDRESS_NACK		CODE           	24A8	0000	102
		_I2C_MasterEnableRestart		CODE           	2E50	0000	4
		_I2C_CallbackReturnReset		CODE           	2E44	0000	4
		_I2C_Open      		CODE           	1F8E	0000	158
		_I2C_SetAddressNackCallback		CODE           	2C4C	0000	24
		_I2C_DO_TX_EMPTY		CODE           	2140	0000	124
		_I2C_DO_SEND_RESTART_WRITE		CODE           	2DE0	0000	8
		_I2C_MasterIsNack		CODE           	2C90	0000	20
		_I2C_SetDataCompleteCallback		CODE           	2C34	0000	24
		_I2C_DO_RX_NACK_RESTART		CODE           	2DB8	0000	8
		_I2C_MasterSendAck		CODE           	2E0C	0000	6
		_I2C_MasterFsm 		CODE           	222C	0000	110
		_I2C_MasterIsr 		CODE           	2E06	0000	6
		_I2C_MasterSetIrq		CODE           	2E38	0000	4
		_I2C_DO_SEND_RESTART_READ		CODE           	2DE8	0000	8
		_I2C_MasterEnableIrq		CODE           	2E20	0000	4
		_I2C_Initialize		CODE           	2C7C	0000	20
		_I2C_SetBuffer 		CODE           	2B24	0000	36
		_I2C_SetInterruptHandler		CODE           	2D9E	0000	10
		_I2C_MasterOpen		CODE           	2B6C	0000	34
		_I2C_MasterSendTxData		CODE           	2DF0	0000	8
		_I2C_MasterStop		CODE           	2E4C	0000	4

mcc_generated_files/i2c_client/src/i2c_master.c estimated size: 1438

mcc_generated_files/TC74/TC74.c
		_Read_Temperature		CODE           	2C1C	0000	24

mcc_generated_files/TC74/TC74.c estimated size: 24

mcc_generated_files/lcd/ecu_lcd.c
		_lcd_4bit_send_command		CODE           	25D6	0000	94
		_lcd_4bit_send_string_pos		CODE           	202C	0000	150
		_lcd_4bit_send_char_data		CODE           	2634	0000	94
		_lcd_4bit_intialize		CODE           	15E2	0000	246
		_lcd_4bit_send_char_data_pos		CODE           	2884	0000	60
		_lcd_4bit_set_cursor		CODE           	1CDE	0000	176
		_lcd_4bit_send_enable_signal		CODE           	2780	0000	66
		_lcd_4bit_send 		CODE           	2306	0000	106

mcc_generated_files/lcd/ecu_lcd.c estimated size: 992

mcc_generated_files/system/src/interrupt.c
		_INT0_SetInterruptHandler		CODE           	2D8A	0000	10
		_INT1_SetInterruptHandler		CODE           	2D80	0000	10
		_INT2_SetInterruptHandler		CODE           	2D76	0000	10
		_INTERRUPT_Initialize		CODE           	28F8	0000	52
		_INTERRUPT_InterruptManagerHigh		CODE           	0008	0000	174

mcc_generated_files/system/src/interrupt.c estimated size: 256

C:\Program Files\Microchip\xc8\v2.45\pic\sources\c99\common\nf_sprintf.c
		_sprintf       		CODE           	292C	0000	52

C:\Program Files\Microchip\xc8\v2.45\pic\sources\c99\common\nf_sprintf.c estimated size: 52

mcc_generated_files/nvm/src/nvm.c
		_NVM_Initialize		CODE           	2E00	0000	6
		_NVM_StatusClear		CODE           	2E18	0000	4

mcc_generated_files/nvm/src/nvm.c estimated size: 10

mcc_generated_files/system/src/pins.c
		_PIN_MANAGER_Initialize		CODE           	2994	0000	48

mcc_generated_files/system/src/pins.c estimated size: 48

C:\Program Files\Microchip\xc8\v2.45\pic\sources\c99\common\awmod.c
		___awmod       		CODE           	1D8E	0000	176

C:\Program Files\Microchip\xc8\v2.45\pic\sources\c99\common\awmod.c estimated size: 176

C:\Program Files\Microchip\xc8\v2.45\pic\sources\c99\common\putch.c
		_putch         		CODE           	2E54	0000	2

C:\Program Files\Microchip\xc8\v2.45\pic\sources\c99\common\putch.c estimated size: 2

shared
		i2_I2C_SetBuffer		CODE           	2B48	0000	36
		__initialization		CODE           	2574	0000	88
		_UART1         		SMALLCONST     	1001	0000	48
		i2_I2C_SetCallback		CODE           	250E	0000	102
		i2_I2C_SetDataCompleteCallback		CODE           	2C64	0000	24
		i2_I2C_MasterClearIrq		CODE           	2E34	0000	4
		_i2c_fsmStateTable		SMALLCONST     	1031	0000	32

shared estimated size: 334

C:\Program Files\Microchip\xc8\v2.45\pic\sources\c99\common\abs.c
		_abs           		CODE           	2960	0000	52

C:\Program Files\Microchip\xc8\v2.45\pic\sources\c99\common\abs.c estimated size: 52

C:\Program Files\Microchip\xc8\v2.45\pic\sources\c99\common\strlen.c
		_strlen        		CODE           	26EA	0000	80

C:\Program Files\Microchip\xc8\v2.45\pic\sources\c99\common\strlen.c estimated size: 80

C:\Program Files\Microchip\xc8\v2.45\pic\sources\c99\common\memset.c
		_memset        		CODE           	29C4	0000	48

C:\Program Files\Microchip\xc8\v2.45\pic\sources\c99\common\memset.c estimated size: 48

mcc_generated_files/uart/src/eusart.c
		_EUSART_FramingErrorCallbackRegister		CODE           	2BE8	0000	28
		_EUSART_OverrunErrorCallbackRegister		CODE           	2BCC	0000	28
		_EUSART_Write  		CODE           	2DB0	0000	8
		_EUSART_IsTxReady		CODE           	2AFC	0000	40
		_EUSART_Initialize		CODE           	28C0	0000	56
		_EUSART_ReceiveEnable		CODE           	2E1C	0000	4
		_EUSART_Send_String		CODE           	20C2	0000	126

mcc_generated_files/uart/src/eusart.c estimated size: 290

mcc_generated_files/24C01C/24C01C.c
		_EX_EEPROM_Read_Byte		CODE           	2D22	0000	18
		_EX_EEPROM_Write_Byte		CODE           	2D10	0000	18

mcc_generated_files/24C01C/24C01C.c estimated size: 36

mcc_generated_files/system/src/clock.c
		_CLOCK_Initialize		CODE           	2D94	0000	10

mcc_generated_files/system/src/clock.c estimated size: 10

main.c
		_EUSART_Send_Date		CODE           	1B72	0000	184
		_EUSART_Send_Time		CODE           	1ABA	0000	184
		_main          		CODE           	14D0	0000	274
		_EUSART_Send_Temp		CODE           	229A	0000	108
		_convert_byte_to_str		CODE           	2A20	0000	44
		_LCD_Print_Temperature		CODE           	273A	0000	70
		_LCD_Beginning_Msg		CODE           	13A0	0000	304
		_LCD_Print_Date		CODE           	1A02	0000	184
		_LCD_Print_Time		CODE           	1C2A	0000	180

main.c estimated size: 1532

C:\Program Files\Microchip\xc8\v2.45\pic\sources\c99\common\nf_fputc.c
		_fputc         		CODE           	1E3E	0000	170

C:\Program Files\Microchip\xc8\v2.45\pic\sources\c99\common\nf_fputc.c estimated size: 170

C:\Program Files\Microchip\xc8\v2.45\pic\sources\c99\common\doprnt.c
		_vfpfcnvrt     		CODE           	10CE	0000	722
		_vfprintf      		CODE           	2844	0000	64

C:\Program Files\Microchip\xc8\v2.45\pic\sources\c99\common\doprnt.c estimated size: 786

C:\Program Files\Microchip\xc8\v2.45\pic\sources\c99\common\awdiv.c
		___awdiv       		CODE           	187A	0000	196

C:\Program Files\Microchip\xc8\v2.45\pic\sources\c99\common\awdiv.c estimated size: 196

mcc_generated_files/gpio/hal_gpio.c
		_gpio_pin_write_logic		CODE           	16D8	0000	210
		_gpio_pin_intialize		CODE           	2C04	0000	24
		_gpio_pin_direction_intialize		CODE           	17AA	0000	208

mcc_generated_files/gpio/hal_gpio.c estimated size: 442

mcc_generated_files/system/src/system.c
		_SYSTEM_Initialize		CODE           	2B8E	0000	32

mcc_generated_files/system/src/system.c estimated size: 32

mcc_generated_files/DS1307/DS1307.c
		_Get_time_And_Date		CODE           	23DA	0000	104
		_Get_years     		CODE           	2CA4	0000	18
		_Get_hours     		CODE           	2CEC	0000	18
		_Get_minutes   		CODE           	2CDA	0000	18
		_Get_months    		CODE           	2CC8	0000	18
		_Get_seconds   		CODE           	2CB6	0000	18
		_Get_days      		CODE           	2CFE	0000	18

mcc_generated_files/DS1307/DS1307.c estimated size: 212

mcc_generated_files/i2c_client/src/i2c_master_example.c
		_wr1RegCompleteHandler		CODE           	2A4C	0000	44
		_wr2RegCompleteHandler		CODE           	2AD0	0000	44
		_I2C_Write1ByteRegister		CODE           	2370	0000	106
		_I2C_Read1ByteRegister		CODE           	21BC	0000	112
		_I2C_Write1Byte		CODE           	2692	0000	88
		_rdBlkRegCompleteHandler		CODE           	27C2	0000	66
		_rd1RegCompleteHandler		CODE           	2AA4	0000	44
		_rd2RegCompleteHandler		CODE           	2A78	0000	44

mcc_generated_files/i2c_client/src/i2c_master_example.c estimated size: 548

